// Jest Snapshot v1, https://goo.gl/fbAQLP

exports[`App should take snapshot 1`] = `
<DocumentFragment>
  <div
    class="sc-gKsewC fTzkMn"
  >
    <div>
      <button
        class="sc-jSgupP koksVy"
        type="button"
      >
        0
      </button>
      <button
        class="sc-jSgupP koksVy"
        type="button"
      >
        1
      </button>
      <button
        class="sc-jSgupP koksVy"
        type="button"
      >
        2
      </button>
      <button
        class="sc-jSgupP koksVy"
        type="button"
      >
        3
      </button>
      <button
        class="sc-jSgupP koksVy"
        type="button"
      >
        4
      </button>
      <button
        class="sc-jSgupP koksVy"
        type="button"
      >
        5
      </button>
      <button
        class="sc-jSgupP koksVy"
        type="button"
      >
        6
      </button>
      <button
        class="sc-jSgupP koksVy"
        type="button"
      >
        7
      </button>
      <button
        class="sc-jSgupP koksVy"
        type="button"
      >
        8
      </button>
      <button
        class="sc-jSgupP koksVy"
        type="button"
      >
        9
      </button>
      <button
        class="sc-jSgupP koksVy"
        type="button"
      >
        10
      </button>
    </div>
    <div
      class="sc-iBPRYJ edZgPn"
    >
      <div
        class="sc-eCssSg cYwXVz"
      >
        <h3>
          0/300
        </h3>
      </div>
    </div>
  </div>
</DocumentFragment>
`;
